✔ media URLs resolve to safe players, preserve timestamps and Vimeo privacy hashes, and do not enable autoplay (4.475022ms)
✔ resize bounds, grid and proportions produce valid size updates without touching block data (34.976912ms)
✔ automatic layouts preserve chosen frame size; groups and connector ports include it (9.601236ms)
✔ link magnet has screen-space attraction and release hysteresis, and excludes hidden and related endpoints (3.384459ms)
✔ resize survives storage, undo/redo, duplication, unpinning and pack roundtrip, and rejects stale revisions (59.569577ms)
✔ fresh RPC JSON reuses unchanged cards while preserving nested edits, order and revision (9.395834ms)
✔ panel remount restores the last opened document only within its host and workspace and fresh document list (0.465214ms)
✔ diagram layers draw an actual branch and stable progressive nodes/edges (3.125386ms)
✔ first-open camera preserves readable scale and top alignment independently of content height (0.873022ms)
✔ first-open compact camera uses 48px top inset while desktop leaves 76px below floating tools (0.704055ms)
✔ first-open wide document keeps the first root group visible at 80% without panning (0.740216ms)
✔ diagram cycles and left rails stay inside the drawing, self loops are described only (0.722118ms)
✔ renderer widths, default stack, flow, grid spanning and root shelf follow approved geometry (0.6672ms)
✔ root groups positioned for narrower content are pushed apart once real sizes are known (2.67086ms)
✔ overlap resolution leaves separated siblings alone and takes the shorter way out (0.926791ms)
✔ free groups keep positioned children inside the frame, apart from each other and above the unpositioned ones (1.011168ms)
✔ dropping into a group stores a place relative to its frame, keeps the group layout and leaves the others flowing (4.934339ms)
✔ dragging inside an automatic layout pins only that element: the rest close ranks, order is kept, and letting go restores it (19.715532ms)
✔ a pinned group is released with its members, nested order and links intact, and a list re-parent joins without a place (6.881726ms)
✔ on a free canvas the first drag freezes every sibling where it is drawn, so nothing else moves (3.842944ms)
✔ switching a partly pinned stack to free preserves every drawn position and the original reading order (1.881005ms)
✔ moving out of a free group freezes its unplaced siblings and does not reattach the departing block (2.305907ms)
✔ dragging a selected group and its child together produces one group move and preserves child-local positions (1.410377ms)
✔ drop targets follow the pointer: innermost open group, never the dragged family, steady at a frame edge (1.041524ms)
✔ alignment guides snap edges and centres within the threshold, one per axis, and say where to draw (1.100459ms)
✔ grouping keeps everything where it is drawn and the camera helpers keep their anchors (2.364605ms)
✔ group rename and collapse through the real RPC parser preserve description and nested membership (36.62945ms)
✔ pin and release transactions persist, undo and redo as complete edits, and reject a stale revision without losing links (49.700181ms)
✔ ancestor selection produces one delete operation and selection exports retain complete subtrees (1.441145ms)
✔ clearing communication removes its effective level without changing group membership or ancestors (1.218353ms)
✔ shipped example export forks into an importable portable namespace (13.520512ms)
✔ form properties are typed and URL previews reject executable schemes and credentials (0.584943ms)
✔ a container with links between its children becomes a layered graph: tidy, ordered by flow, deterministic (7.752433ms)
✔ graph layout survives cycles, self references, duplicates and large inputs without hanging (33.934764ms)
✔ explicit positions win inside a graph, are separated afterwards, and dragging in a graph stores a position (6.734518ms)
✔ documents without links wrap into rows instead of one endless column, at the root and inside a group of groups (3.565522ms)
✔ connectors attach to frame sides, bundle parallel links, cross groups and follow collapsed groups (5.795894ms)
✔ link edits are real transactions and links travel with copies, exports and the outline (5.465376ms)
✔ shipped example documents lay out tidily with their links (2.417883ms)
✔ instruction edits preserve read-only intent/audience and inheritance, clearing removes all three local fields (30.038841ms)
✔ group layout changes to Libre freeze children in one validated transaction and preserve variables/data (12.359264ms)
✔ Sacar del grupo preserves world positions and rejects mixed parents (5.349728ms)
✔ Mover antes/después have boundary states and keep membership intact (1.330227ms)
✔ type slots use renderer aliases and Datos excludes in-place fields only outside compact (0.8198ms)
✔ keyboard actions distinguish ungroup, duplicate and ask while writes are disabled (0.301024ms)
✔ toolbar clamps at either edge, flips below the top boundary and stays above oversized selections (0.533658ms)
✔ group/create-link/ungroup actions persist, undo as whole edits and reject stale revisions (124.139563ms)
✔ toolbar reset clears only the block runtime, preserving scopes, authored data and content revision (17.776504ms)
✔ renderer reset stays within its Panel root, checks current identity twice and never clicks disabled/unmounted/native targets (0.924147ms)
✔ selection popover leaves text, cursor keys and submission to its input while Escape still dismisses (0.952052ms)
✔ schema accepts portable defaults and rejects anything outside the bounded declarative grid (27.294221ms)
✔ rows stay inside the declared scale and keep their pitch, name and pattern alignment (1.36971ms)
✔ runtime state is validated against the authored grid and edits never mutate inputs (1.97234ms)
✔ the scheduler plays the pattern on the audio clock, hears live edits and tempo, and never bursts (1.624764ms)
✔ the scheduler stops itself when the audio context is no longer running (0.57573ms)
✔ the audio adapter is inert on native and honest when the browser has no Web Audio (2.143799ms)
✔ the audio adapter bounds gain, note length, pitch and voices, and closing silences everything at once (2.300324ms)
✔ refused or stalled activation resolves false with the context already released (1.330879ms)
✔ a hidden tab, an offscreen grid, a suspended context and a second player each stop the first one (2.222604ms)
✔ grid keys are consumed only when the handler used them (0.61198ms)
✔ mounting never creates audio; a press starts it, and pausing releases it without telling the assistant about beats (9.215578ms)
✔ edits toggle real cells, persist at once, coalesce into one settled description and are heard while playing (3.779528ms)
✔ tempo follows the declared bounds, settles once when released and reset restores the authored exercise (4.075158ms)
✔ leaving the block, the document or edit rights silences audio immediately (5.812789ms)
✔ blocked or missing audio is stated plainly, keeps the grid editable and can be retried (3.089033ms)
✔ native shows the labelled pattern as static and never reaches for audio (0.93102ms)
✔ external runtime changes are adopted, and a stored pattern that no longer fits falls back to the authored one (0.800929ms)
✔ having listened belongs to the exact music that sounded: a new scale with the same grid must be heard again (8.42182ms)
✔ a cycle is credited only to the music whose steps the audio clock actually reached (10.066029ms)
✔ anchor data in an ordinary custom card does not change dragging or grouping; drawing aliases still follow their cards (17.35473ms)
✔ the pencil signs strokes as the learner and anchors them to the card they start on (20.031076ms)
✔ an anchored drawing follows its card through moves, automatic layouts and grouping; moving it alone changes only its offset (39.23326ms)
✔ the eraser works on anchored drawings where they are shown, and appending keeps author and anchor (5.925061ms)
✔ leaving pencil and eraser settles one bounded summary; drawing itself sends nothing (5.675442ms)
✔ a stroke that cannot fit is refused with the size message and the earlier layer is untouched (78.088843ms)
✔ keys typed with nothing focused reach the panel that was pressed last, across listener replacement (165.476504ms)
✔ all-area entity drag preserves clicks, passes original grab point and starts only after threshold (5.605636ms)
✔ inputs, ranges, active deep content, resize and link handles keep left gestures (0.452169ms)
✔ Escape and unmount cancel active drag once, and disabled state never starts it (0.925244ms)
✔ middle mouse pans over every passive or deep renderer including ranges and SVG (1.357327ms)
✔ browser adapters are inert on native (0.445292ms)
✔ inactive creation tools leave entity drag available; active tools cancel without a save (0.828902ms)
✔ SVG browser rendering validates unsafe markup and only changes root dimensions (20.374193ms)
✔ SVG URL import reads bounded bytes, omits credentials and rejects oversized streams (3.97973ms)
✔ creation hook commits one real shape transaction and aborts Escape/document/offline/busy gestures (22.248495ms)
✔ draw sessions append complete strokes, scale old points correctly and eraser deletes crossed strokes in one transaction (17.557857ms)
✔ SVG library insertion uses validated catalog data, visible center and parent-relative position (19.058812ms)
✔ rejected gesture transaction discards preview and leaves the document unchanged (0.621496ms)
✔ text creation remains an unsaved draft until confirmation and cancellation has no transaction (2.397534ms)
✔ whiteboard overlays preserve group-relative coordinates in every layout and never push ordinary cards (16.753767ms)
✔ eight-handle resizing anchors opposite edges, preserves SVG proportions, and line endpoints cross safely (1.675536ms)
✔ canvas shortcuts delegate to focused learning controls and deep interaction, but Space on background temporarily pans (1.765183ms)
✔ wheel pans and command zooms a passive frame shield, while active media and learning surfaces retain wheel control (1.050178ms)
✔ eraser sweeps between sparse pointer events and keeps one transaction per completed gesture (2.041705ms)
✔ automatic return to select never makes a fast repeated inactive tool click only toggle its lock (716.898052ms)
✔ library drag keeps short clicks, drops at page coordinates inside Canvas and cancels Escape/outside without insertion (1.155849ms)
✔ SVG pointer placement converts through world adapter and chooses the actual group under release (2.714999ms)
✔ automatic layout release preserves mandatory whiteboard positions alongside ordinary cards (1.339836ms)
✔ whiteboard annotations and their links do not change inferred automatic layout (0.623021ms)
✔ Canvas imperative editSelection routes whiteboard editing and deep card interaction without requiring canvas focus (258.885334ms)
✔ real Txt suppresses native text dragging only in passive cards and restores selection after interaction or leaving the card (56.418373ms)
✔ ToolIsland grid contract keeps all eight actions in 4x2 geometry and preserves callbacks and locking (48.538713ms)
✔ narrow ZoomControl keeps only the percent trigger and exposes functional fit and zoom actions in its menu (12.010631ms)
✔ zoom menu delegates inside clicks, dismisses outside/Escape, and supports focused keyboard navigation (0.856472ms)
ℹ tests 104
ℹ suites 0
ℹ pass 104
ℹ fail 0
ℹ cancelled 0
ℹ skipped 0
ℹ todo 0
ℹ duration_ms 1895.98919
